// Jest Snapshot v1, https://goo.gl/fbAQLP

exports[`parseWatchlistFromHtml should correctly parse watchlist 1`] = `
Array [
  "Маленькие женщины Грета Гервиг",
  "Дау Илья Хржановский",
  "Довод Кристофер Нолан",
  "1917 Сэм Мендес",
  "Джентльмены Гай Ричи",
  "Офицер и шпион Роман Полански",
  "Проверка на дорогах Алексей Герман",
]
`;
