// Jest Snapshot v1, https://goo.gl/fbAQLP

exports[`readConfigFile should fallback to empty config if file does not exist 1`] = `
Object {
  "downloadPath": "~",
  "kinopoisk": Object {
    "listId": null,
    "usedId": null,
  },
  "rutracker": Object {
    "cookie": null,
  },
  "torrents": Object {},
  "version": "1",
  "watchlist": Array [],
}
`;

exports[`readConfigFile should read config from a json file 1`] = `
Object {
  "downloadPath": "~/Downloads/",
  "kinopoisk": Object {
    "listId": "3575",
    "usedId": "789114",
  },
  "rutracker": Object {
    "cookie": "bb-cookie:123",
  },
  "torrents": Object {
    "a": Array [
      "1",
      "2",
      "3",
    ],
    "b": Array [
      "4",
      "5",
    ],
    "c": Array [
      "6",
      "7",
      "1",
    ],
  },
  "version": "1",
  "watchlist": Array [
    "revenant",
    "who's afraid of virginia woolf",
  ],
}
`;
